This file contains any messages produced by compilers while
running configure, to aid debugging if configure makes a mistake.

It was created by standard.lib.piper configure 1.0, which was
generated by GNU Autoconf 2.69.  Invocation command line was

  $ ./configure 

## --------- ##
## Platform. ##
## --------- ##

hostname = devronium
uname -m = x86_64
uname -r = 6.8.12-8-pve
uname -s = Linux
uname -v = #1 SMP PREEMPT_DYNAMIC PMX 6.8.12-8 (2025-01-24T12:32Z)

/usr/bin/uname -p = unknown
/bin/uname -X     = unknown

/bin/arch              = unknown
/usr/bin/arch -k       = unknown
/usr/convex/getsysinfo = unknown
/usr/bin/hostinfo      = unknown
/bin/machine           = unknown
/usr/bin/oslevel       = unknown
/bin/universe          = unknown

PATH: /usr/local/bin
PATH: /usr/bin
PATH: /bin
PATH: /usr/local/games
PATH: /usr/games


## ----------- ##
## Core tests. ##
## ----------- ##

configure:2323: checking for a BSD-compatible install
configure:2391: result: /usr/bin/install -c
configure:2402: checking whether build environment is sane
configure:2457: result: yes
configure:2606: checking for a thread-safe mkdir -p
configure:2645: result: /bin/mkdir -p
configure:2652: checking for gawk
configure:2668: found /usr/bin/gawk
configure:2679: result: gawk
configure:2690: checking whether make sets $(MAKE)
configure:2712: result: yes
configure:2741: checking whether make supports nested variables
configure:2758: result: yes
configure:2948: checking for g++
configure:2964: found /usr/bin/g++
configure:2975: result: g++
configure:3002: checking for C++ compiler version
configure:3011: g++ --version >&5
g++ (Debian 8.3.0-6) 8.3.0
Copyright (C) 2018 Free Software Foundation, Inc.
This is free software; see the source for copying conditions.  There is NO
warranty; not even for MERCHANTABILITY or FITNESS FOR A PARTICULAR PURPOSE.

configure:3022: $? = 0
configure:3011: g++ -v >&5
Using built-in specs.
COLLECT_GCC=g++
COLLECT_LTO_WRAPPER=/usr/lib/gcc/x86_64-linux-gnu/8/lto-wrapper
OFFLOAD_TARGET_NAMES=nvptx-none
OFFLOAD_TARGET_DEFAULT=1
Target: x86_64-linux-gnu
Configured with: ../src/configure -v --with-pkgversion='Debian 8.3.0-6' --with-bugurl=file:///usr/share/doc/gcc-8/README.Bugs --enable-languages=c,ada,c++,go,brig,d,fortran,objc,obj-c++ --prefix=/usr --with-gcc-major-version-only --program-suffix=-8 --program-prefix=x86_64-linux-gnu- --enable-shared --enable-linker-build-id --libexecdir=/usr/lib --without-included-gettext --enable-threads=posix --libdir=/usr/lib --enable-nls --enable-bootstrap --enable-clocale=gnu --enable-libstdcxx-debug --enable-libstdcxx-time=yes --with-default-libstdcxx-abi=new --enable-gnu-unique-object --disable-vtable-verify --enable-libmpx --enable-plugin --enable-default-pie --with-system-zlib --with-target-system-zlib --enable-objc-gc=auto --enable-multiarch --disable-werror --with-arch-32=i686 --with-abi=m64 --with-multilib-list=m32,m64,mx32 --enable-multilib --with-tune=generic --enable-offload-targets=nvptx-none --without-cuda-driver --enable-checking=release --build=x86_64-linux-gnu --host=x86_64-linux-gnu --target=x86_64-linux-gnu
Thread model: posix
gcc version 8.3.0 (Debian 8.3.0-6) 
configure:3022: $? = 0
configure:3011: g++ -V >&5
g++: error: unrecognized command line option '-V'
g++: fatal error: no input files
compilation terminated.
configure:3022: $? = 1
configure:3011: g++ -qversion >&5
g++: error: unrecognized command line option '-qversion'; did you mean '--version'?
g++: fatal error: no input files
compilation terminated.
configure:3022: $? = 1
configure:3042: checking whether the C++ compiler works
configure:3064: g++    conftest.cpp  >&5
configure:3068: $? = 0
configure:3116: result: yes
configure:3119: checking for C++ compiler default output file name
configure:3121: result: a.out
configure:3127: checking for suffix of executables
configure:3134: g++ -o conftest    conftest.cpp  >&5
configure:3138: $? = 0
configure:3160: result: 
configure:3182: checking whether we are cross compiling
configure:3190: g++ -o conftest    conftest.cpp  >&5
configure:3194: $? = 0
configure:3201: ./conftest
configure:3205: $? = 0
configure:3193: result: no
configure:3198: checking for suffix of object files
configure:3220: g++ -c   conftest.cpp >&5
configure:3224: $? = 0
configure:3245: result: o
configure:3249: checking whether we are using the GNU C++ compiler
configure:3268: g++ -c   conftest.cpp >&5
configure:3268: $? = 0
configure:3277: result: yes
configure:3286: checking whether g++ accepts -g
configure:3306: g++ -c -g  conftest.cpp >&5
configure:3306: $? = 0
configure:3347: result: yes
configure:3373: checking whether make supports the include directive
configure:3388: make -f confmf.GNU && cat confinc.out
this is the am__doit target
configure:3391: $? = 0
configure:3410: result: yes (GNU style)
configure:3435: checking dependency style of g++
configure:3546: result: gcc3
configure:3609: checking for gcc
configure:3625: found /usr/bin/gcc
configure:3636: result: gcc
configure:3865: checking for C compiler version
configure:3874: gcc --version >&5
gcc (Debian 8.3.0-6) 8.3.0
Copyright (C) 2018 Free Software Foundation, Inc.
This is free software; see the source for copying conditions.  There is NO
warranty; not even for MERCHANTABILITY or FITNESS FOR A PARTICULAR PURPOSE.

configure:3885: $? = 0
configure:3874: gcc -v >&5
Using built-in specs.
COLLECT_GCC=gcc
COLLECT_LTO_WRAPPER=/usr/lib/gcc/x86_64-linux-gnu/8/lto-wrapper
OFFLOAD_TARGET_NAMES=nvptx-none
OFFLOAD_TARGET_DEFAULT=1
Target: x86_64-linux-gnu
Configured with: ../src/configure -v --with-pkgversion='Debian 8.3.0-6' --with-bugurl=file:///usr/share/doc/gcc-8/README.Bugs --enable-languages=c,ada,c++,go,brig,d,fortran,objc,obj-c++ --prefix=/usr --with-gcc-major-version-only --program-suffix=-8 --program-prefix=x86_64-linux-gnu- --enable-shared --enable-linker-build-id --libexecdir=/usr/lib --without-included-gettext --enable-threads=posix --libdir=/usr/lib --enable-nls --enable-bootstrap --enable-clocale=gnu --enable-libstdcxx-debug --enable-libstdcxx-time=yes --with-default-libstdcxx-abi=new --enable-gnu-unique-object --disable-vtable-verify --enable-libmpx --enable-plugin --enable-default-pie --with-system-zlib --with-target-system-zlib --enable-objc-gc=auto --enable-multiarch --disable-werror --with-arch-32=i686 --with-abi=m64 --with-multilib-list=m32,m64,mx32 --enable-multilib --with-tune=generic --enable-offload-targets=nvptx-none --without-cuda-driver --enable-checking=release --build=x86_64-linux-gnu --host=x86_64-linux-gnu --target=x86_64-linux-gnu
Thread model: posix
gcc version 8.3.0 (Debian 8.3.0-6) 
configure:3885: $? = 0
configure:3874: gcc -V >&5
gcc: error: unrecognized command line option '-V'
gcc: fatal error: no input files
compilation terminated.
configure:3885: $? = 1
configure:3874: gcc -qversion >&5
gcc: error: unrecognized command line option '-qversion'; did you mean '--version'?
gcc: fatal error: no input files
compilation terminated.
configure:3885: $? = 1
configure:3889: checking whether we are using the GNU C compiler
configure:3908: gcc -c   conftest.c >&5
configure:3908: $? = 0
configure:3917: result: yes
configure:3926: checking whether gcc accepts -g
configure:3946: gcc -c -g  conftest.c >&5
configure:3946: $? = 0
configure:3987: result: yes
configure:4004: checking for gcc option to accept ISO C89
configure:4067: gcc  -c -g -O2  conftest.c >&5
configure:4067: $? = 0
configure:4080: result: none needed
configure:4105: checking whether gcc understands -c and -o together
configure:4127: gcc -c conftest.c -o conftest2.o
configure:4130: $? = 0
configure:4127: gcc -c conftest.c -o conftest2.o
configure:4130: $? = 0
configure:4142: result: yes
configure:4161: checking dependency style of gcc
configure:4272: result: gcc3
configure:4343: checking for pkg-config
configure:4361: found /usr/bin/pkg-config
configure:4373: result: /usr/bin/pkg-config
configure:4398: checking pkg-config is at least version 0.9.0
configure:4401: result: yes
configure:4411: checking for ONNX
configure:4418: $PKG_CONFIG --exists --print-errors "$pkg_modules"
Package libonnx1 was not found in the pkg-config search path.
Perhaps you should add the directory containing `libonnx1.pc'
to the PKG_CONFIG_PATH environment variable
No package 'libonnx1' found
configure:4421: $? = 1
configure:4435: $PKG_CONFIG --exists --print-errors "$pkg_modules"
Package libonnx1 was not found in the pkg-config search path.
Perhaps you should add the directory containing `libonnx1.pc'
to the PKG_CONFIG_PATH environment variable
No package 'libonnx1' found
configure:4438: $? = 1
configure:4452: result: no
No package 'libonnx1' found
configure:4468: error: Package requirements (libonnx1 >= 1.0) were not met:

No package 'libonnx1' found

Consider adjusting the PKG_CONFIG_PATH environment variable if you
installed software in a non-standard prefix.

Alternatively, you may set the environment variables ONNX_CFLAGS
and ONNX_LIBS to avoid the need to call pkg-config.
See the pkg-config man page for more details.

## ---------------- ##
## Cache variables. ##
## ---------------- ##

ac_cv_c_compiler_gnu=yes
ac_cv_cxx_compiler_gnu=yes
ac_cv_env_CCC_set=
ac_cv_env_CCC_value=
ac_cv_env_CC_set=
ac_cv_env_CC_value=
ac_cv_env_CFLAGS_set=
ac_cv_env_CFLAGS_value=
ac_cv_env_CPPFLAGS_set=
ac_cv_env_CPPFLAGS_value=
ac_cv_env_CPP_set=
ac_cv_env_CPP_value=
ac_cv_env_CXXFLAGS_set=
ac_cv_env_CXXFLAGS_value=
ac_cv_env_CXX_set=
ac_cv_env_CXX_value=
ac_cv_env_ESPEAK_CFLAGS_set=
ac_cv_env_ESPEAK_CFLAGS_value=
ac_cv_env_ESPEAK_LIBS_set=
ac_cv_env_ESPEAK_LIBS_value=
ac_cv_env_LDFLAGS_set=
ac_cv_env_LDFLAGS_value=
ac_cv_env_LIBS_set=
ac_cv_env_LIBS_value=
ac_cv_env_ONNX_CFLAGS_set=
ac_cv_env_ONNX_CFLAGS_value=
ac_cv_env_ONNX_LIBS_set=
ac_cv_env_ONNX_LIBS_value=
ac_cv_env_PKG_CONFIG_LIBDIR_set=
ac_cv_env_PKG_CONFIG_LIBDIR_value=
ac_cv_env_PKG_CONFIG_PATH_set=
ac_cv_env_PKG_CONFIG_PATH_value=
ac_cv_env_PKG_CONFIG_set=
ac_cv_env_PKG_CONFIG_value=
ac_cv_env_build_alias_set=
ac_cv_env_build_alias_value=
ac_cv_env_host_alias_set=
ac_cv_env_host_alias_value=
ac_cv_env_target_alias_set=
ac_cv_env_target_alias_value=
ac_cv_objext=o
ac_cv_path_ac_pt_PKG_CONFIG=/usr/bin/pkg-config
ac_cv_path_install='/usr/bin/install -c'
ac_cv_path_mkdir=/bin/mkdir
ac_cv_prog_AWK=gawk
ac_cv_prog_ac_ct_CC=gcc
ac_cv_prog_ac_ct_CXX=g++
ac_cv_prog_cc_c89=
ac_cv_prog_cc_g=yes
ac_cv_prog_cxx_g=yes
ac_cv_prog_make_make_set=yes
am_cv_CC_dependencies_compiler_type=gcc3
am_cv_CXX_dependencies_compiler_type=gcc3
am_cv_make_support_nested_variables=yes
am_cv_prog_cc_c_o=yes

## ----------------- ##
## Output variables. ##
## ----------------- ##

ACLOCAL='${SHELL} /home/eduard/serverplatform/ConceptApplicationServer/modules/standard.lib.piper/missing aclocal-1.16'
AMDEPBACKSLASH='\'
AMDEP_FALSE='#'
AMDEP_TRUE=''
AMTAR='$${TAR-tar}'
AM_BACKSLASH='\'
AM_DEFAULT_V='$(AM_DEFAULT_VERBOSITY)'
AM_DEFAULT_VERBOSITY='1'
AM_V='$(V)'
AUTOCONF='${SHELL} /home/eduard/serverplatform/ConceptApplicationServer/modules/standard.lib.piper/missing autoconf'
AUTOHEADER='${SHELL} /home/eduard/serverplatform/ConceptApplicationServer/modules/standard.lib.piper/missing autoheader'
AUTOMAKE='${SHELL} /home/eduard/serverplatform/ConceptApplicationServer/modules/standard.lib.piper/missing automake-1.16'
AWK='gawk'
CC='gcc'
CCDEPMODE='depmode=gcc3'
CFLAGS='-g -O2'
CPP=''
CPPFLAGS=''
CXX='g++'
CXXDEPMODE='depmode=gcc3'
CXXFLAGS='-g -O2'
CYGPATH_W='echo'
DEFS=''
DEPDIR='.deps'
ECHO_C=''
ECHO_N='-n'
ECHO_T=''
EGREP=''
ESPEAK_CFLAGS=''
ESPEAK_LIBS=''
EXEEXT=''
GREP=''
INSTALL_DATA='${INSTALL} -m 644'
INSTALL_PROGRAM='${INSTALL}'
INSTALL_SCRIPT='${INSTALL}'
INSTALL_STRIP_PROGRAM='$(install_sh) -c -s'
LDFLAGS=''
LIBOBJS=''
LIBS=''
LTLIBOBJS=''
MAKEINFO='${SHELL} /home/eduard/serverplatform/ConceptApplicationServer/modules/standard.lib.piper/missing makeinfo'
MKDIR_P='/bin/mkdir -p'
OBJEXT='o'
ONNX_CFLAGS=''
ONNX_LIBS=''
PACKAGE='standard.lib.piper'
PACKAGE_BUGREPORT='eduard@...'
PACKAGE_NAME='standard.lib.piper'
PACKAGE_STRING='standard.lib.piper 1.0'
PACKAGE_TARNAME='standard-lib-piper'
PACKAGE_URL=''
PACKAGE_VERSION='1.0'
PATH_SEPARATOR=':'
PKG_CONFIG='/usr/bin/pkg-config'
PKG_CONFIG_LIBDIR=''
PKG_CONFIG_PATH=''
SET_MAKE=''
SHELL='/bin/bash'
STRIP=''
VERSION='1.0'
ac_ct_CC='gcc'
ac_ct_CXX='g++'
am__EXEEXT_FALSE=''
am__EXEEXT_TRUE=''
am__fastdepCC_FALSE='#'
am__fastdepCC_TRUE=''
am__fastdepCXX_FALSE='#'
am__fastdepCXX_TRUE=''
am__include='include'
am__isrc=''
am__leading_dot='.'
am__nodep='_no'
am__quote=''
am__tar='$${TAR-tar} chof - "$$tardir"'
am__untar='$${TAR-tar} xf -'
bindir='${exec_prefix}/bin'
build_alias=''
datadir='${datarootdir}'
datarootdir='${prefix}/share'
docdir='${datarootdir}/doc/${PACKAGE_TARNAME}'
dvidir='${docdir}'
exec_prefix='NONE'
host_alias=''
htmldir='${docdir}'
includedir='${prefix}/include'
infodir='${datarootdir}/info'
install_sh='${SHELL} /home/eduard/serverplatform/ConceptApplicationServer/modules/standard.lib.piper/install-sh'
libdir='${exec_prefix}/lib'
libexecdir='${exec_prefix}/libexec'
localedir='${datarootdir}/locale'
localstatedir='${prefix}/var'
mandir='${datarootdir}/man'
mkdir_p='$(MKDIR_P)'
oldincludedir='/usr/include'
pdfdir='${docdir}'
prefix='NONE'
program_transform_name='s,x,x,'
psdir='${docdir}'
runstatedir='${localstatedir}/run'
sbindir='${exec_prefix}/sbin'
sharedstatedir='${prefix}/com'
sysconfdir='${prefix}/etc'
target_alias=''

## ----------- ##
## confdefs.h. ##
## ----------- ##

/* confdefs.h */
#define PACKAGE_NAME "standard.lib.piper"
#define PACKAGE_TARNAME "standard-lib-piper"
#define PACKAGE_VERSION "1.0"
#define PACKAGE_STRING "standard.lib.piper 1.0"
#define PACKAGE_BUGREPORT "eduard@..."
#define PACKAGE_URL ""
#define PACKAGE "standard.lib.piper"
#define VERSION "1.0"

configure: exit 1
