GTK_POLICY_AUTOMATIC:POLICY_AUTOMATIC
GTK_POLICY_ALWAYS:POLICY_ALWAYS
GTK_POLICY_NEVER:POLICY_NEVER

automatic:POLICY_AUTOMATIC
always:POLICY_ALWAYS
never:POLICY_NEVER

GTK_TREE_VIEW_GRID_LINES_NONE:TREE_VIEW_GRID_LINES_NONE
GTK_TREE_VIEW_GRID_LINES_HORIZONTAL:TREE_VIEW_GRID_LINES_HORIZONTAL
GTK_TREE_VIEW_GRID_LINES_VERTICAL:TREE_VIEW_GRID_LINES_VERTICAL
GTK_TREE_VIEW_GRID_LINES_BOTH:TREE_VIEW_GRID_LINES_BOTH

none:TREE_VIEW_GRID_LINES_NONE:enable_grid_lines
horizontal:TREE_VIEW_GRID_LINES_HORIZONTAL:enable_grid_lines
vertical:TREE_VIEW_GRID_LINES_VERTICAL:enable_grid_lines
both:TREE_VIEW_GRID_LINES_BOTH:enable_grid_lines

GTK_BUTTONBOX_DEFAULT_STYLE:BUTTONBOX_DEFAULT_STYLE
GTK_BUTTONBOX_SPREAD:BUTTONBOX_SPREAD
GTK_BUTTONBOX_EDGE:BUTTONBOX_EDGE
GTK_BUTTONBOX_START:BUTTONBOX_START
GTK_BUTTONBOX_END:BUTTONBOX_END

default-style:BUTTONBOX_DEFAULT_STYLE:layout_style
spread:BUTTONBOX_SPREAD:layout_style
edge:BUTTONBOX_EDGE:layout_style
start:BUTTONBOX_START:layout_style
end:BUTTONBOX_END:layout_style

GTK_ALIGN_LEFT:ALIGN_LEFT
GTK_ALIGN_CENTER:ALIGN_CENTER
GTK_ALIGN_RIGHT:ALIGN_RIGHT
GTK_ALIGN_TOP:ALIGN_TOP
GTK_ALIGN_BOTTOM:ALIGN_BOTTOM

left:ALIGN_LEFT
center:ALIGN_CENTER
right:ALIGN_RIGHT
top:ALIGN_TOP
bottom:ALIGN_BOTTOM

GTK_RELIEF_NORMAL:RELIEF_NORMAL
GTK_RELIEF_HALF:RELIEF_HALF
GTK_RELIEF_NONE:RELIEF_NONE

normal:RELIEF_NORMAL:relief
half:RELIEF_HALF:relief
none:RELIEF_NONE:relief

GTK_POS_LEFT:POS_LEFT
GTK_POS_RIGHT:POS_RIGHT
GTK_POS_TOP:POS_TOP
GTK_POS_BOTTOM:POS_BOTTOM

left:POS_LEFT
right:POS_RIGHT
top:POS_TOP
bottom:POS_BOTTOM

GTK_ORIENTATION_HORIZONTAL:ORIENTATION_HORIZONTAL
GTK_ORIENTATION_VERTICAL:ORIENTATION_VERTICAL

horizontal:ORIENTATION_HORIZONTAL
vertical:ORIENTATION_VERTICAL

GTK_TOOLBAR_ICONS:TOOLBAR_ICONS
GTK_TOOLBAR_TEXT:TOOLBAR_TEXT
GTK_TOOLBAR_BOTH:TOOLBAR_BOTH
GTK_TOOLBAR_BOTH_HORIZ:TOOLBAR_BOTH_HORIZ

icons:TOOLBAR_ICONS:toolbar_style
text:TOOLBAR_TEXT:toolbar_style
both:TOOLBAR_BOTH:toolbar_style
both-horiz:TOOLBAR_BOTH_HORIZ:toolbar_style

GTK_JUSTIFY_LEFT:JUSTIFY_LEFT
GTK_JUSTIFY_RIGHT:JUSTIFY_RIGHT
GTK_JUSTIFY_CENTER:JUSTIFY_CENTER
GTK_JUSTIFY_FILL:JUSTIFY_FILL

GTK_ICON_SIZE_INVALID:ICON_SIZE_INVALID
GTK_ICON_SIZE_MENU:ICON_SIZE_MENU
GTK_ICON_SIZE_SMALL_TOOLBAR:ICON_SIZE_SMALL_TOOLBAR
GTK_ICON_SIZE_LARGE_TOOLBAR:ICON_SIZE_LARGE_TOOLBAR
GTK_ICON_SIZE_BUTTON:ICON_SIZE_BUTTON
GTK_ICON_SIZE_DND:ICON_SIZE_DND
GTK_ICON_SIZE_DIALOG:ICON_SIZE_DIALOG

GTK_PROGRESS_LEFT_TO_RIGHT:PROGRESS_LEFT_TO_RIGHT
GTK_PROGRESS_RIGHT_TO_LEFT:PROGRESS_RIGHT_TO_LEFT
GTK_PROGRESS_BOTTOM_TO_TOP:PROGRESS_BOTTOM_TO_TOP
GTK_PROGRESS_TOP_TO_BOTTOM:PROGRESS_TOP_TO_BOTTOM

left-to-right:PROGRESS_LEFT_TO_RIGHT
right-to-left:PROGRESS_RIGHT_TO_LEFT
bottom-to-top:PROGRESS_BOTTOM_TO_TOP
top-to-bottom:PROGRESS_TOP_TO_BOTTOM


GTK_SHADOW_NONE:SHADOW_NONE
GTK_SHADOW_IN:SHADOW_IN
GTK_SHADOW_OUT:SHADOW_OUT
GTK_SHADOW_ETCHED_IN:SHADOW_ETCHED_IN
GTK_SHADOW_ETCHED_OUT:SHADOW_ETCHED_OUT

none:SHADOW_NONE
in:SHADOW_IN
out:SHADOW_OUT
etched-in:SHADOW_ETCHED_IN
etched-out:SHADOW_ETCHED_OUT

GTK_WIN_POS_NONE:WP_NONE
GTK_WIN_POS_CENTER:WP_CENTER
GTK_WIN_POS_MOUSE:WP_MOUSE
GTK_WIN_POS_CENTER_ALWAYS:WP_CENTER_ALWAYS
GTK_WIN_POS_CENTER_ON_PARENT:WP_CENTER_ON_PARENT

none:WP_NONE:window_position
center:WP_CENTER:window_position
mouse:WP_MOUSE:window_position
center-always:WP_CENTER_ALWAYS:window_position
center-on-parent:WP_CENTER_ON_PARENT:window_position

GTK_WRAP_NONE:WRAP_NONE
GTK_WRAP_CHAR:WRAP_CHAR
GTK_WRAP_WORD:WRAP_WORD
GTK_WRAP_WORD_CHAR:WRAP_WORD_CHAR
PANGO_WRAP_NONE:WRAP_NONE
PANGO_WRAP_CHAR:WRAP_CHAR
PANGO_WRAP_WORD:WRAP_WORD
PANGO_WRAP_WORD_CHAR:WRAP_WORD_CHAR


none:WRAP_NONE:wrap_mode
char:WRAP_CHAR:wrap_mode
word:WRAP_WORD:wrap_mode
word-char:WRAP_WORD_CHAR:wrap_mode

GTK_WINDOW_TOPLEVEL:WINDOW_TOPLEVEL
GTK_WINDOW_POPUP:WINDOW_POPUP

toplevel:WINDOW_TOPLEVEL:type
popup:WINDOW_POPUP:type

GDK_WINDOW_TYPE_HINT_NORMAL:WT_NORMAL
GDK_WINDOW_TYPE_HINT_DIALOG:WT_DIALOG
GDK_WINDOW_TYPE_HINT_MENU:WT_MENU
GDK_WINDOW_TYPE_HINT_TOOLBAR:WT_TOOLBAR
GDK_WINDOW_TYPE_HINT_SPLASHSCREEN:WT_SPLASHSCREEN
GDK_WINDOW_TYPE_HINT_UTILITY:WT_UTILITY
GDK_WINDOW_TYPE_HINT_DOCK:WT_DOCK
GDK_WINDOW_TYPE_HINT_DESKTOP:WT_DESKTOP

normal:WT_NORMAL:type_hint
dialog:WT_DIALOG:type_hint
menu:WT_MENU:type_hint
toolbar:WT_TOOLBAR:type_hint
splashscreen:WT_SPLASHSCREEN:type_hint
utility:WT_UTILITY:type_hint
dock:WT_DOCK:type_hint
desktop:WT_DESKTOP:type_hint

GTK_EXPAND:EXPAND
GTK_SHRINK:SHRINK
GTK_FILL:FILL

expand:EXPAND
shrink:SHRINK
fill:FILL

top-left:CORNER_TOP_LEFT
bottom-left:CORNER_BOTTOM_LEFT
top-right:CORNER_TOP_RIGHT
bottom-right:CORNER_BOTTOM_RIGHT
