GtkWindow.user_data:UserData
GtkWindow.parent:Parent
GtkWindow.width_request:MinWidth
GtkWindow.height_request:MinHeight
GtkWindow.visible:Visible
GtkWindow.sensitive:Enabled
GtkWindow.border_width:BorderWidth
GtkWindow.child:Child
GtkWindow.type:Type
GtkWindow.title:Caption:string
GtkWindow.resizable:Resizable
GtkWindow.modal:Modal
GtkWindow.window_position:Position
GtkWindow.default_width:Width
GtkWindow.default_height:Height
GtkWindow.icon:Icon:image
GtkWindow.icon_name:Icon:image
GtkWindow.type_hint:Type
GtkWindow.skip_taskbar_hint:SkipTaskbar
GtkWindow.skip_pager_hint:SkipPager
GtkWindow.urgency_hint:Urgent
GtkWindow.decorated:Decorations
GtkWindow.deletable:Closeable
GtkWindow.opacity:Opacity

GtkVBox.user_data:UserData
GtkVBox.parent:Parent
GtkVBox.width_request:MinWidth
GtkVBox.height_request:MinHeight
GtkVBox.visible:Visible
GtkVBox.sensitive:Enabled
GtkVBox.border_width:BorderWidth
GtkVBox.child:Child
GtkVBox.spacing:Spacing
GtkVBox.homogeneous:Homogeneous

GtkHBox.user_data:UserData
GtkHBox.parent:Parent
GtkHBox.width_request:MinWidth
GtkHBox.height_request:MinHeight
GtkHBox.visible:Visible
GtkHBox.sensitive:Enabled
GtkHBox.border_width:BorderWidth
GtkHBox.child:Child
GtkHBox.spacing:Spacing
GtkHBox.homogeneous:Homogeneous

GtkNotebook.user_data:UserData
GtkNotebook.parent:Parent
GtkNotebook.width_request:MinWidth
GtkNotebook.height_request:MinHeight
GtkNotebook.visible:Visible
GtkNotebook.sensitive:Enabled
GtkNotebook.border_width:BorderWidth
GtkNotebook.child:Child
GtkNotebook.tab_pos:TabPos
GtkNotebook.show_tabs:ShowTabs
GtkNotebook.show_border:ShowBorder
GtkNotebook.scrollable:Scrollable
GtkNotebook.tab_border:TabBorder
GtkNotebook.tab_hborder:HorizontalTabBorder
GtkNotebook.tab_vborder:VerticalTabBorder
GtkNotebook.page:PageIndex
GtkNotebook.homogeneous:Homogeneous

GtkFrame.user_data:UserData
GtkFrame.parent:Parent
GtkFrame.width_request:MinWidth
GtkFrame.height_request:MinHeight
GtkFrame.visible:Visible
GtkFrame.sensitive:Enabled
GtkFrame.border_width:BorderWidth
GtkFrame.child:Child
GtkFrame.label:Caption:string
GtkFrame.label_xalign:HTextAlign
GtkFrame.label_yalign:VTextAlign
GtkFrame.shadow_type:ShadowType

GtkAspectFrame.user_data:UserData
GtkAspectFrame.parent:Parent
GtkAspectFrame.width_request:MinWidth
GtkAspectFrame.height_request:MinHeight
GtkAspectFrame.visible:Visible
GtkAspectFrame.sensitive:Enabled
GtkAspectFrame.border_width:BorderWidth
GtkAspectFrame.child:Child
GtkAspectFrame.label:Caption:string
GtkAspectFrame.label_xalign:HTextAlign
GtkAspectFrame.label_yalign:VTextAlign
GtkAspectFrame.shadow_type:ShadowType
GtkAspectFrame.xalign:XAlign
GtkAspectFrame.yalign:YAlign
GtkAspectFrame.ratio:Ratio
GtkAspectFrame.obey_child:ObeyChild

GtkMenuBar.user_data:UserData
GtkMenuBar.parent:Parent
GtkMenuBar.width_request:MinWidth
GtkMenuBar.height_request:MinHeight
GtkMenuBar.visible:Visible
GtkMenuBar.sensitive:Enabled
GtkMenuBar.border_width:BorderWidth
GtkMenuBar.child:Child

GtkToolbar.user_data:UserData
GtkToolbar.parent:Parent
GtkToolbar.width_request:MinWidth
GtkToolbar.height_request:MinHeight
GtkToolbar.visible:Visible
GtkToolbar.sensitive:Enabled
GtkToolbar.border_width:BorderWidth
GtkToolbar.child:Child
GtkToolbar.orientation:Orientation
GtkToolbar.toolbar_style:Style
GtkToolbar.show_arrow:ShowArrow
GtkToolbar.tooltips:Tooltips
GtkToolbar.icon_size:IconSize


GtkHPaned.user_data:UserData
GtkHPaned.parent:Parent
GtkHPaned.width_request:MinWidth
GtkHPaned.height_request:MinHeight
GtkHPaned.visible:Visible
GtkHPaned.sensitive:Enabled
GtkHPaned.border_width:BorderWidth
GtkHPaned.child:Child
GtkHPaned.position:Position

GtkVPaned.user_data:UserData
GtkVPaned.parent:Parent
GtkVPaned.width_request:MinWidth
GtkVPaned.height_request:MinHeight
GtkVPaned.visible:Visible
GtkVPaned.sensitive:Enabled
GtkVPaned.border_width:BorderWidth
GtkVPaned.child:Child
GtkVPaned.position:Position

GtkHButtonBox.user_data:UserData
GtkHButtonBox.parent:Parent
GtkHButtonBox.width_request:MinWidth
GtkHButtonBox.height_request:MinHeight
GtkHButtonBox.visible:Visible
GtkHButtonBox.sensitive:Enabled
GtkHButtonBox.border_width:BorderWidth
GtkHButtonBox.child:Child
GtkHButtonBox.spacing:Spacing
GtkHButtonBox.homogeneous:Homogeneous
GtkHButtonBox.layout_style:Layout

GtkVButtonBox.user_data:UserData
GtkVButtonBox.parent:Parent
GtkVButtonBox.width_request:MinWidth
GtkVButtonBox.height_request:MinHeight
GtkVButtonBox.visible:Visible
GtkVButtonBox.sensitive:Enabled
GtkVButtonBox.border_width:BorderWidth
GtkVButtonBox.child:Child
GtkVButtonBox.spacing:Spacing
GtkVButtonBox.homogeneous:Homogeneous
GtkVButtonBox.layout_style:Layout

GtkEventBox.user_data:UserData
GtkEventBox.parent:Parent
GtkEventBox.width_request:MinWidth
GtkEventBox.height_request:MinHeight
GtkEventBox.visible:Visible
GtkEventBox.sensitive:Enabled
GtkEventBox.border_width:BorderWidth
GtkEventBox.child:Child

GtkExpander.user_data:UserData
GtkExpander.parent:Parent
GtkExpander.width_request:MinWidth
GtkExpander.height_request:MinHeight
GtkExpander.visible:Visible
GtkExpander.sensitive:Enabled
GtkExpander.border_width:BorderWidth
GtkExpander.child:Child
GtkExpander.expanded:Expanded
GtkExpander.label:Caption:string
GtkExpander.resize_toplevel:ResizeParent
GtkExpander.resize-toplevel:ResizeParent

GtkViewport.user_data:UserData
GtkViewport.parent:Parent
GtkViewport.width_request:MinWidth
GtkViewport.height_request:MinHeight
GtkViewport.visible:Visible
GtkViewport.sensitive:Enabled
GtkViewport.border_width:BorderWidth
GtkViewport.child:Child
GtkViewport.hadjustment:HAdjustment:adjustment
GtkViewport.vadjustment:VAdjustment:adjustment
GtkViewport.shadow_type:ShadowType

GtkScrolledWindow.user_data:UserData
GtkScrolledWindow.parent:Parent
GtkScrolledWindow.width_request:MinWidth
GtkScrolledWindow.height_request:MinHeight
GtkScrolledWindow.visible:Visible
GtkScrolledWindow.sensitive:Enabled
GtkScrolledWindow.border_width:BorderWidth
GtkScrolledWindow.child:Child
GtkScrolledWindow.hadjustment:HAdjustment:adjustment
GtkScrolledWindow.vadjustment:VAdjustment:adjustment
GtkScrolledWindow.hscrollbar_policy:HScrollPolicy
GtkScrolledWindow.vscrollbar_policy:VScrollPolicy
GtkScrolledWindow.window_placement:Placement
GtkScrolledWindow.shadow_type:ShadowType

GtkAlignment.user_data:UserData
GtkAlignment.parent:Parent
GtkAlignment.width_request:MinWidth
GtkAlignment.height_request:MinHeight
GtkAlignment.visible:Visible
GtkAlignment.sensitive:Enabled
GtkAlignment.border_width:BorderWidth
GtkAlignment.child:Child
GtkAlignment.xalign:XAlign
GtkAlignment.yalign:YAlign
GtkAlignment.xscale:XScale
GtkAlignment.yscale:YScale
GtkAlignment.top_padding:TopPadding
GtkAlignment.bottom_padding:BottomPadding
GtkAlignment.left_padding:LeftPadding
GtkAlignment.right_padding:RightPadding

GtkButton.user_data:UserData
GtkButton.parent:Parent
GtkButton.width_request:MinWidth
GtkButton.height_request:MinHeight
GtkButton.visible:Visible
GtkButton.sensitive:Enabled
GtkButton.border_width:BorderWidth
GtkButton.child:Child
GtkButton.label:Caption:string
GtkButton.image:Image:image
GtkButton.relief:ReliefStyle
GtkButton.use_stock:UseStock
GtkButton.image_position:ImagePosition

GtkCheckButton.user_data:UserData
GtkCheckButton.parent:Parent
GtkCheckButton.width_request:MinWidth
GtkCheckButton.height_request:MinHeight
GtkCheckButton.visible:Visible
GtkCheckButton.sensitive:Enabled
GtkCheckButton.border_width:BorderWidth
GtkCheckButton.child:Child
GtkCheckButton.label:Caption:string
GtkCheckButton.image:Image:image
GtkCheckButton.use_stock:UseStock
GtkCheckButton.image_position:ImagePosition
GtkCheckButton.relief:ReliefStyle
GtkCheckButton.active:Checked
GtkCheckButton.inconsistent:Inconsistent

GtkRadioButton.user_data:UserData
GtkRadioButton.parent:Parent
GtkRadioButton.width_request:MinWidth
GtkRadioButton.height_request:MinHeight
GtkRadioButton.visible:Visible
GtkRadioButton.sensitive:Enabled
GtkRadioButton.border_width:BorderWidth
GtkRadioButton.child:Child
GtkRadioButton.label:Caption:string
GtkRadioButton.image:Image:image
GtkRadioButton.relief:ReliefStyle
GtkRadioButton.use_stock:UseStock
GtkRadioButton.image_position:ImagePosition
GtkRadioButton.active:Checked
GtkRadioButton.inconsistent:Inconsistent
GtkRadioButton.group:GroupWith

GtkSpinButton.user_data:UserData
GtkSpinButton.parent:Parent
GtkSpinButton.width_request:MinWidth
GtkSpinButton.height_request:MinHeight
GtkSpinButton.visible:Visible
GtkSpinButton.sensitive:Enabled
GtkSpinButton.text:Value
GtkSpinButton.digits:Digits
GtkSpinButton.snap_to_ticks:SnapToTicks
GtkSpinButton.numeric:Numeric
GtkSpinButton.wrap:Wrap
GtkSpinButton.adjustment:Adjustment:adjustment
GtkSpinButton.value:Value

GtkImage.user_data:UserData
GtkImage.parent:Parent
GtkImage.width_request:MinWidth
GtkImage.height_request:MinHeight
GtkImage.visible:Visible
GtkImage.sensitive:Enabled
GtkImage.xalign:XAlign
GtkImage.yalign:YAlign
GtkImage.xpad:XPadding
GtkImage.ypad:YPadding
GtkImage.image:RenderImage:image
GtkImage.file:Filename:string
GtkImage.pixbuf:Filename:string

GtkLabel.user_data:UserData
GtkLabel.parent:Parent
GtkLabel.width_request:MinWidth
GtkLabel.height_request:MinHeight
GtkLabel.visible:Visible
GtkLabel.sensitive:Enabled
GtkLabel.xalign:XAlign
GtkLabel.yalign:YAlign
GtkLabel.xpad:XPadding
GtkLabel.ypad:YPadding
GtkLabel.label:Caption:string
GtkLabel.justify:Justify
GtkLabel.wrap:Wrap
GtkLabel.wrap_mode:Wrap
GtkLabel.selectable:Selectable
GtkLabel.angle:Angle
GtkLabel.use_markup:UseMarkup
GtkLabel.use_underline:UseUnderline

GtkEntry.user_data:UserData
GtkEntry.parent:Parent
GtkEntry.width_request:MinWidth
GtkEntry.height_request:MinHeight
GtkEntry.visible:Visible
GtkEntry.sensitive:Enabled
GtkEntry.editable:ReadOnly:reversed
GtkEntry.max_length:MaxLen
GtkEntry.has_frame:Border
GtkEntry.visibility:Masked:reversed
GtkEntry.invisible_char:MaskedChar:string
GtkEntry.activates_default:ActivateDefault
GtkEntry.text:Text:string
GtkEntry.xalign:XAlign
GtkEntry.primary_icon_stock:PrimaryIconName:string
GtkEntry.secondary_icon_stock:SecondaryIconName:string
GtkEntry.primary_icon_name:PrimaryIconName:string
GtkEntry.secondary_icon_name:SecondaryIconName:string
GtkEntry.primary_icon_activatable:PrimaryIconActivable
GtkEntry.secondary_icon_activatable:SecondaryIconActivable
GtkEntry.primary_icon_tooltip_text:PrimaryIconTooltip:string
GtkEntry.secondary_icon_tooltip_text:SecondaryIconTooltip:string
GtkEntry.primary_icon_tooltip_markup:PrimaryIconTooltip:string
GtkEntry.secondary_icon_tooltip_markup:SecondaryIconTooltip:string
GtkEntry.caps_lock_warning:CapsWarning
GtkEntry.width_chars:MaxLen
GtkEntry.input_format:InputFormat:string

GtkTextView.user_data:UserData
GtkTextView.parent:Parent
GtkTextView.width_request:MinWidth
GtkTextView.height_request:MinHeight
GtkTextView.visible:Visible
GtkTextView.sensitive:Enabled
GtkTextView.border_width:BorderWidth
GtkTextView.child:Child
GtkTextView.pixels_above_lines:PixelsAbove
GtkTextView.pixels_below_lines:PixelsBelow
GtkTextView.pixels_inside_wrap:PixelsInside
GtkTextView.editable:ReadOnly:reversed
GtkTextView.wrap_mode:Wrap
GtkTextView.justification:Justify
GtkTextView.left_margin:LeftMargin
GtkTextView.right_margin:RightMargin
GtkTextView.indent:Indent
GtkTextView.cursor_visible:CursorVisible
GtkTextView.overwrite:Overwrite
GtkTextView.text:Text:string
GtkTextView.accepts_tab:AcceptTab

GtkHScale.user_data:UserData
GtkHScale.parent:Parent
GtkHScale.width_request:MinWidth
GtkHScale.height_request:MinHeight
GtkHScale.visible:Visible
GtkHScale.sensitive:Enabled
GtkHScale.adjustment:Adjustment:adjustment
GtkHScale.digits:Digits
GtkHScale.draw_value:DrawValue
GtkHScale.value_pos:ValuePos

GtkVScale.user_data:UserData
GtkVScale.parent:Parent
GtkVScale.width_request:MinWidth
GtkVScale.height_request:MinHeight
GtkVScale.visible:Visible
GtkVScale.sensitive:Enabled
GtkVScale.adjustment:Adjustment:adjustment
GtkVScale.digits:Digits
GtkVScale.draw_value:DrawValue
GtkVScale.value_pos:ValuePos

GtkHScrollbar.user_data:UserData
GtkHScrollbar.parent:Parent
GtkHScrollbar.width_request:MinWidth
GtkHScrollbar.height_request:MinHeight
GtkHScrollbar.visible:Visible
GtkHScrollbar.sensitive:Enabled
GtkHScrollbar.adjustment:Adjustment:adjustment
GtkHScrollbar.inverted:Inverted

GtkVScrollbar.user_data:UserData
GtkVScrollbar.parent:Parent
GtkVScrollbar.width_request:MinWidth
GtkVScrollbar.height_request:MinHeight
GtkVScrollbar.visible:Visible
GtkVScrollbar.sensitive:Enabled
GtkVScrollbar.adjustment:Adjustment:adjustment
GtkVScrollbar.inverted:Inverted

GtkComboBox.user_data:UserData
GtkComboBox.parent:Parent
GtkComboBox.width_request:MinWidth
GtkComboBox.height_request:MinHeight
GtkComboBox.visible:Visible
GtkComboBox.sensitive:Enabled
GtkComboBox.border_width:BorderWidth
GtkComboBox.child:Child
GtkComboBox.wrap_width:WrapWidth
GtkComboBox.row_span_column:RowSpanColumn
GtkComboBox.active:RowIndex
GtkComboBox.add_tearoffs:AddTearoffs
GtkComboBox.focus_on_click:FocusOnClick

GtkComboBoxEntry.user_data:UserData
GtkComboBoxEntry.parent:Parent
GtkComboBoxEntry.width_request:MinWidth
GtkComboBoxEntry.height_request:MinHeight
GtkComboBoxEntry.visible:Visible
GtkComboBoxEntry.sensitive:Enabled
GtkComboBoxEntry.border_width:BorderWidth
GtkComboBoxEntry.child:Child
GtkComboBoxEntry.wrap_width:WrapWidth
GtkComboBoxEntry.row_span_column:RowSpanColumn
GtkComboBoxEntry.text_column:TextColumn
GtkComboBoxEntry.active:RowIndex
GtkComboBoxEntry.add_tearoffs:AddTearoffs
GtkComboBoxEntry.focus_on_click:FocusOnClick
GtkComboBoxEntry.activates_default:ActivateDefault
GtkComboBoxEntry.xalign:XAlign
GtkComboBoxEntry.primary_icon_stock:PrimaryIconName:string
GtkComboBoxEntry.secondary_icon_stock:SecondaryIconName:string
GtkComboBoxEntry.primary_icon_name:PrimaryIconName:string
GtkComboBoxEntry.secondary_icon_name:SecondaryIconName:string
GtkComboBoxEntry.primary_icon_activatable:PrimaryIconActivable
GtkComboBoxEntry.secondary_icon_activatable:SecondaryIconActivable
GtkComboBoxEntry.primary_icon_tooltip_text:PrimaryIconTooltip:string
GtkComboBoxEntry.secondary_icon_tooltip_text:SecondaryIconTooltip:string
GtkComboBoxEntry.primary_icon_tooltip_markup:PrimaryIconTooltip:string
GtkComboBoxEntry.secondary_icon_tooltip_markup:SecondaryIconTooltip:string
GtkComboBoxEntry.caps_lock_warning:CapsWarning
GtkComboBoxEntry.width_chars:MaxLen

GtkProgresBar.user_data:UserData
GtkProgresBar.parent:Parent
GtkProgresBar.width_request:MinWidth
GtkProgresBar.height_request:MinHeight
GtkProgresBar.visible:Visible
GtkProgresBar.sensitive:Enabled
GtkProgresBar.fraction:Fraction
GtkProgresBar.pulse_step:Step
GtkProgresBar.orientation:Orientation
GtkProgresBar.text:Caption:string

GtkTreeView.user_data:UserData
GtkTreeView.parent:Parent
GtkTreeView.width_request:MinWidth
GtkTreeView.height_request:MinHeight
GtkTreeView.visible:Visible
GtkTreeView.sensitive:Enabled
GtkTreeView.border_width:BorderWidth
GtkTreeView.child:Child
GtkTreeView.model:Model
GtkTreeView.hadjustment:HAdjustment:adjustment
GtkTreeView.vadjustment:VAdjustment:adjustment
GtkTreeView.headers_visible:HeadersVisible
GtkTreeView.headers_clickable:HeadersClickable
GtkTreeView.expander_column:ExpanderColumn
GtkTreeView.reorderable:Reorderable
GtkTreeView.rules_hint:RulesHint
GtkTreeView.enable_search:EnableSearch
GtkTreeView.search_column:SearchColumn
GtkTreeView.fixed_height_mode:FixedHeightMode
GtkTreeView.hover_selection:HoverSelection
GtkTreeView.hover_expand:HoverExpand
GtkTreeView.show_expanders:ShowExpanders
GtkTreeView.level_indentation:LevelIndentation
GtkTreeView.enable_grid_lines:GridLines
GtkTreeView.enable_tree_lines:TreeLines

GtkHandleBox.user_data:UserData
GtkHandleBox.parent:Parent
GtkHandleBox.width_request:MinWidth
GtkHandleBox.height_request:MinHeight
GtkHandleBox.visible:Visible
GtkHandleBox.sensitive:Enabled
GtkHandleBox.border_width:BorderWidth
GtkHandleBox.child:Child
GtkHandleBox.shadow_type:ShadowType
GtkHandleBox.handle_position:HandlePosition
GtkHandleBox.snap_edge:SnapEdge

GtkStatusbar.user_data:UserData
GtkStatusbar.parent:Parent
GtkStatusbar.width_request:MinWidth
GtkStatusbar.height_request:MinHeight
GtkStatusbar.visible:Visible
GtkStatusbar.sensitive:Enabled
GtkStatusbar.border_width:BorderWidth
GtkStatusbar.child:Child
GtkStatusbar.spacing:Spacing
GtkStatusbar.homogeneous:Homogeneous

GtkCalendar.user_data:UserData
GtkCalendar.parent:Parent
GtkCalendar.width_request:MinWidth
GtkCalendar.height_request:MinHeight
GtkCalendar.visible:Visible
GtkCalendar.sensitive:Enabled
GtkCalendar.year:Year
GtkCalendar.month:Month
GtkCalendar.day:Day

GtkHSeparator.user_data:UserData
GtkHSeparator.parent:Parent
GtkHSeparator.width_request:MinWidth
GtkHSeparator.height_request:MinHeight
GtkHSeparator.visible:Visible
GtkHSeparator.sensitive:Enabled

GtkVSeparator.user_data:UserData
GtkVSeparator.parent:Parent
GtkVSeparator.width_request:MinWidth
GtkVSeparator.height_request:MinHeight
GtkVSeparator.visible:Visible
GtkVSeparator.sensitive:Enabled

GtkMenuItem.user_data:UserData
GtkMenuItem.parent:Parent
GtkMenuItem.width_request:MinWidth
GtkMenuItem.height_request:MinHeight
GtkMenuItem.visible:Visible
GtkMenuItem.sensitive:Enabled
GtkMenuItem.border_width:BorderWidth
GtkMenuItem.child:Child
GtkMenuItem.label:Caption:string

GtkMenu.user_data:UserData
GtkMenu.parent:Parent
GtkMenu.width_request:MinWidth
GtkMenu.height_request:MinHeight
GtkMenu.visible:Visible
GtkMenu.sensitive:Enabled
GtkMenu.border_width:BorderWidth
GtkMenu.child:Child

GtkImageMenuItem.user_data:UserData
GtkImageMenuItem.parent:Parent
GtkImageMenuItem.width_request:MinWidth
GtkImageMenuItem.height_request:MinHeight
GtkImageMenuItem.visible:Visible
GtkImageMenuItem.sensitive:Enabled
GtkImageMenuItem.border_width:BorderWidth
GtkImageMenuItem.child:Child
GtkImageMenuItem.image:Image:image
GtkImageMenuItem.label:Caption:string

GtkSeparatorMenuItem.user_data:UserData
GtkSeparatorMenuItem.parent:Parent
GtkSeparatorMenuItem.width_request:MinWidth
GtkSeparatorMenuItem.height_request:MinHeight
GtkSeparatorMenuItem.visible:Visible
GtkSeparatorMenuItem.sensitive:Enabled
GtkSeparatorMenuItem.border_width:BorderWidth
GtkSeparatorMenuItem.child:Child

GtkCheckMenuItem.user_data:UserData
GtkCheckMenuItem.parent:Parent
GtkCheckMenuItem.width_request:MinWidth
GtkCheckMenuItem.height_request:MinHeight
GtkCheckMenuItem.visible:Visible
GtkCheckMenuItem.sensitive:Enabled
GtkCheckMenuItem.border_width:BorderWidth
GtkCheckMenuItem.child:Child
GtkCheckMenuItem.active:Checked
GtkCheckMenuItem.inconsistent:Inconsistent
GtkCheckMenuItem.draw_as_radio:DrawAsRadio
GtkCheckMenuItem.label:Caption:string

GtkRadioMenuItem.user_data:UserData
GtkRadioMenuItem.parent:Parent
GtkRadioMenuItem.width_request:MinWidth
GtkRadioMenuItem.height_request:MinHeight
GtkRadioMenuItem.visible:Visible
GtkRadioMenuItem.sensitive:Enabled
GtkRadioMenuItem.border_width:BorderWidth
GtkRadioMenuItem.child:Child
GtkRadioMenuItem.active:Checked
GtkRadioMenuItem.inconsistent:Inconsistent
GtkRadioMenuItem.draw_as_radio:DrawAsRadio
GtkRadioMenuItem.group:GroupWith
GtkRadioMenuItem.label:Caption:string

GtkTearoffMenuItem.user_data:UserData
GtkTearoffMenuItem.parent:Parent
GtkTearoffMenuItem.width_request:MinWidth
GtkTearoffMenuItem.height_request:MinHeight
GtkTearoffMenuItem.visible:Visible
GtkTearoffMenuItem.sensitive:Enabled
GtkTearoffMenuItem.border_width:BorderWidth
GtkTearoffMenuItem.child:Child

GtkFixed.user_data:UserData
GtkFixed.parent:Parent
GtkFixed.width_request:MinWidth
GtkFixed.height_request:MinHeight
GtkFixed.visible:Visible
GtkFixed.sensitive:Enabled


GtkToolButton.user_data:UserData
GtkToolButton.parent:Parent
GtkToolButton.width_request:MinWidth
GtkToolButton.height_request:MinHeight
GtkToolButton.visible:Visible
GtkToolButton.sensitive:Enabled
GtkToolButton.border_width:BorderWidth
GtkToolButton.child:Child
GtkToolButton.visible-horizontal:VisibleHorizontal
GtkToolButton.visible-vertical:VisibleVertical
GtkToolButton.is-important:IsImportant
GtkToolButton.is_important:IsImportant
GtkToolButton.label:Caption:string
GtkToolButton.icon:Icon:image
GtkToolButton.stock_id:StockID:string

GtkToggleToolButton.user_data:UserData
GtkToggleToolButton.parent:Parent
GtkToggleToolButton.width_request:MinWidth
GtkToggleToolButton.height_request:MinHeight
GtkToggleToolButton.visible:Visible
GtkToggleToolButton.sensitive:Enabled
GtkToggleToolButton.border_width:BorderWidth
GtkToggleToolButton.child:Child
GtkToggleToolButton.visible-horizontal:VisibleHorizontal
GtkToggleToolButton.visible-vertical:VisibleVertical
GtkToggleToolButton.is-important:IsImportant
GtkToggleToolButton.is_important:IsImportant
GtkToggleToolButton.label:Caption:string
GtkToggleToolButton.icon:Icon:image
GtkToggleToolButton.stock_id:StockID:string
GtkToggleToolButton.active:Checked

GtkMenuToolButton.user_data:UserData
GtkMenuToolButton.parent:Parent
GtkMenuToolButton.width_request:MinWidth
GtkMenuToolButton.height_request:MinHeight
GtkMenuToolButton.visible:Visible
GtkMenuToolButton.sensitive:Enabled
GtkMenuToolButton.border_width:BorderWidth
GtkMenuToolButton.child:Child
GtkMenuToolButton.visible-horizontal:VisibleHorizontal
GtkMenuToolButton.visible-vertical:VisibleVertical
GtkMenuToolButton.is-important:IsImportant
GtkMenuToolButton.is_important:IsImportant
GtkMenuToolButton.label:Caption:string
GtkMenuToolButton.icon:Icon:image
GtkMenuToolButton.stock_id:StockID:string
GtkMenuToolButton.menu:Menu

GtkSeparatorToolItem.user_data:UserData
GtkSeparatorToolItem.parent:Parent
GtkSeparatorToolItem.width_request:MinWidth
GtkSeparatorToolItem.height_request:MinHeight
GtkSeparatorToolItem.visible:Visible
GtkSeparatorToolItem.sensitive:Enabled
GtkSeparatorToolItem.border_width:BorderWidth
GtkSeparatorToolItem.child:Child
GtkSeparatorToolItem.visible-horizontal:VisibleHorizontal
GtkSeparatorToolItem.visible-vertical:VisibleVertical
GtkSeparatorToolItem.is-important:IsImportant
GtkSeparatorToolItem.is_important:IsImportant


GtkRadioToolButton.user_data:UserData
GtkRadioToolButton.parent:Parent
GtkRadioToolButton.width_request:MinWidth
GtkRadioToolButton.height_request:MinHeight
GtkRadioToolButton.visible:Visible
GtkRadioToolButton.sensitive:Enabled
GtkRadioToolButton.border_width:BorderWidth
GtkRadioToolButton.child:Child
GtkRadioToolButton.visible-horizontal:VisibleHorizontal
GtkRadioToolButton.visible-vertical:VisibleVertical
GtkRadioToolButton.is-important:IsImportant
GtkRadioToolButton.is_important:IsImportant
GtkRadioToolButton.label:Caption:string
GtkRadioToolButton.icon:Icon:image
GtkRadioToolButton.active:Checked
GtkRadioToolButton.stock_id:StockID:string
GtkRadioToolButton.group:GroupWith

GtkProgressBar.user_data:UserData
GtkProgressBar.parent:Parent
GtkProgressBar.width_request:MinWidth
GtkProgressBar.height_request:MinHeight
GtkProgressBar.visible:Visible
GtkProgressBar.sensitive:Enabled
GtkProgressBar.fraction:Fraction
GtkProgressBar.pulse-step:Step
GtkProgressBar.orientation:Orientation
GtkProgressBar.text:Caption:string


GtkTable.user_data:UserData
GtkTable.parent:Parent
GtkTable.width_request:MinWidth
GtkTable.height_request:MinHeight
GtkTable.visible:Visible
GtkTable.n_rows:Rows
GtkTable.n_columns:Columns
GtkTable.row_spacing:RowSpacing
GtkTable.column_spacing:ColSpacing
GtkTable.homogeneous:Homogeneous

GtkIconView.user_data:UserData
GtkIconView.parent:Parent
GtkIconView.width_request:MinWidth
GtkIconView.height_request:MinHeight
GtkIconView.visible:Visible
GtkIconView.sensitive:Enabled
GtkIconView.orientation:Orientation

tooltip:Tooltip:string
