GtkWindow:RForm
GtkVBox:RVBox
GtkHBox:RHBox
GtkNotebook:RNotebook
GtkFrame:RFrame
GtkAspectFrame:RAspectFrame
GtkMenuBar:RMenuBar
GtkToolbar:RToolbar
GtkHPaned:RHPaned
GtkVPaned:RVPaned
GtkHButtonBox:RHButtonBox
GtkVButtonBox:RVButtonBox
GtkFixed:RFixed
GtkEventBox:REventBox
GtkExpander:RExpander
GtkViewport:RViewPort
GtkScrolledWindow:RScrolledWindow
GtkAlignment:RAlignment
GtkButton:RButton
GtkCheckButton:RCheckButton
GtkRadioButton:RRadioButton
GtkSpinButton:RSpinButton
GtkImage:RImage
GtkLabel:RLabel
GtkEntry:REdit
GtkTextView:RTextView
GtkHScale:RHScale
GtkVScale:RVScale
GtkHScrollbar:RHScrollbar
GtkVScrollbar:RVScrollbar
GtkComboBox:RComboBox
GtkComboBoxEntry:REditComboBox
GtkProgresBar:RProgressBar
GtkTreeView:RTreeView
GtkHandleBox:RHandleBox
GtkStatusbar:RStatusbar
GtkCalendar:RCalendar
GtkHSeparator:RHSeparator
GtkVSeparator:RVSeparator
GtkMenuItem:RMenuItem
GtkMenu:RMenu
GtkImageMenuItem:RImageMenuItem
GtkSeparatorMenuItem:RSeparatorMenuItem
GtkCheckMenuItem:RCheckMenuItem
GtkRadioMenuItem:RRadioMenuItem
GtkTearoffMenuItem:RTearoffMenuItem
GtkToolButton:RToolButton
GtkToggleToolButton:RToggleToolButton
GtkMenuToolButton:RMenuToolButton
GtkSeparatorToolItem:RToolSeparator
GtkRadioToolButton:RRadioToolButton
GtkProgressBar:RProgressBar
GtkTable:RTable
GtkIconView:RIconView